// Jest Snapshot v1, https://goo.gl/fbAQLP

exports[`renders correctly 1`] = `
<main
  className="main_page"
>
  <div>
    Header Mock
  </div>
  <section
    className="section"
  >
    <button
      onClick={[Function]}
    >
      Open Modal
    </button>
    <button
      onClick={[Function]}
    >
      Open Modal
    </button>
    <div
      className="cards_section"
    >
      <div
        onClick={[Function]}
      >
        A B
      </div>
    </div>
  </section>
</main>
`;
